// Jest Snapshot v1, https://goo.gl/fbAQLP

exports[`Menu Component should match the snapshot 1`] = `
<DocumentFragment>
  <div
    class="container bg-base h2 c-muted-2 w-100 dn db-ns"
  >
    <section>
      <nav
        class="flex justify-between"
      >
        <div
          class="flex-grow pa3 flex items-center"
        />
        <div
          class="flex-grow pa3 flex items-center"
        />
        <div
          class="flex-grow pa3 flex items-center"
        />
      </nav>
    </section>
  </div>
</DocumentFragment>
`;
